// Jest Snapshot v1, https://goo.gl/fbAQLP

exports[`Component TrackListSetting snapshots should match snapshot 1`] = `
<div class="row track-list-setting">
  <div class="col col-4">
    <div class="v-input v-input--is-label-active v-input--is-dirty theme--light v-text-field v-select">
      <div class="v-input__control">
        <div role="button" aria-haspopup="listbox" aria-expanded="false" aria-owns="list-3" class="v-input__slot">
          <div class="v-select__slot">
            <div class="v-select__selections">
              <div class="v-select__selection v-select__selection--comma">Search name</div><input id="input-3" readonly="readonly" type="text" aria-readonly="true" autocomplete="off">
            </div>
            <div class="v-input__append-inner">
              <div class="v-input__icon v-input__icon--append"><i aria-hidden="true" class="v-icon notranslate mdi mdi-menu-down theme--light"></i></div>
            </div><input type="hidden" value="text">
          </div>
          <div class="v-menu">
            <div class="v-menu__content theme--light " style="max-height: 304px; min-width: 0px; max-width: auto; top: 12px; left: 0px; transform-origin: top left; z-index: 0; display: none;"></div>
          </div>
        </div>
        <div class="v-text-field__details">
          <div class="v-messages theme--light"><span name="message-transition" tag="div" class="v-messages__wrapper"></span></div>
        </div>
      </div>
    </div>
  </div>
  <div class="col col-4">
    <div class="v-input v-input--is-label-active v-input--is-dirty theme--light v-text-field v-select">
      <div class="v-input__control">
        <div role="button" aria-haspopup="listbox" aria-expanded="false" aria-owns="list-10" class="v-input__slot">
          <div class="v-select__slot">
            <div class="v-select__selections">
              <div class="v-select__selection v-select__selection--comma">From A to Z</div><input id="input-10" readonly="readonly" type="text" aria-readonly="true" autocomplete="off">
            </div>
            <div class="v-input__append-inner">
              <div class="v-input__icon v-input__icon--append"><i aria-hidden="true" class="v-icon notranslate mdi mdi-menu-down theme--light"></i></div>
            </div><input type="hidden" value="abc">
          </div>
          <div class="v-menu">
            <div class="v-menu__content theme--light " style="max-height: 304px; min-width: 0px; max-width: auto; top: 12px; left: 0px; transform-origin: top left; z-index: 0; display: none;"></div>
          </div>
        </div>
        <div class="v-text-field__details">
          <div class="v-messages theme--light"><span name="message-transition" tag="div" class="v-messages__wrapper"></span></div>
        </div>
      </div>
    </div>
  </div>
</div>
`;
