// Jest Snapshot v1, https://goo.gl/fbAQLP

exports[`Component PlayerWrap snapshots should match snapshot 1`] = `
<div class="v-sheet theme--light">
  <div class="container player-wrap">
    <div class="row player-header align-center justify-space-between"><a href="/player" title="Music lover"><img alt="App logo" src="@/assets/logo.svg" width="64" height="64"></a> <button type="button" class="v-btn v-btn--depressed v-btn--flat v-btn--outlined theme--light v-size--default primary--text"><span class="v-btn__content">
    Logout
  </span></button></div>
    <div role="list" class="v-list track-list v-sheet v-sheet--tile theme--light v-list--rounded">
      <div role="listbox" class="v-item-group theme--light v-list-item-group primary--text">
        <div class="row track-list-setting">
          <div class="col col-4">
            <div class="v-input v-input--is-label-active v-input--is-dirty theme--light v-text-field v-select">
              <div class="v-input__control">
                <div role="button" aria-haspopup="listbox" aria-expanded="false" aria-owns="list-12" class="v-input__slot">
                  <div class="v-select__slot">
                    <div class="v-select__selections">
                      <div class="v-select__selection v-select__selection--comma">Search name</div><input id="input-12" readonly="readonly" type="text" aria-readonly="true" autocomplete="off">
                    </div>
                    <div class="v-input__append-inner">
                      <div class="v-input__icon v-input__icon--append"><i aria-hidden="true" class="v-icon notranslate mdi mdi-menu-down theme--light"></i></div>
                    </div><input type="hidden" value="text">
                  </div>
                  <div class="v-menu">
                    <div class="v-menu__content theme--light " style="max-height: 304px; min-width: 0px; max-width: auto; top: 12px; left: 0px; transform-origin: top left; z-index: 0; display: none;"></div>
                  </div>
                </div>
                <div class="v-text-field__details">
                  <div class="v-messages theme--light"><span name="message-transition" tag="div" class="v-messages__wrapper"></span></div>
                </div>
              </div>
            </div>
          </div>
          <div class="col col-4">
            <div class="v-input v-input--is-label-active v-input--is-dirty theme--light v-text-field v-select">
              <div class="v-input__control">
                <div role="button" aria-haspopup="listbox" aria-expanded="false" aria-owns="list-19" class="v-input__slot">
                  <div class="v-select__slot">
                    <div class="v-select__selections">
                      <div class="v-select__selection v-select__selection--comma">From A to Z</div><input id="input-19" readonly="readonly" type="text" aria-readonly="true" autocomplete="off">
                    </div>
                    <div class="v-input__append-inner">
                      <div class="v-input__icon v-input__icon--append"><i aria-hidden="true" class="v-icon notranslate mdi mdi-menu-down theme--light"></i></div>
                    </div><input type="hidden" value="abc">
                  </div>
                  <div class="v-menu">
                    <div class="v-menu__content theme--light " style="max-height: 304px; min-width: 0px; max-width: auto; top: 12px; left: 0px; transform-origin: top left; z-index: 0; display: none;"></div>
                  </div>
                </div>
                <div class="v-text-field__details">
                  <div class="v-messages theme--light"><span name="message-transition" tag="div" class="v-messages__wrapper"></span></div>
                </div>
              </div>
            </div>
          </div>
        </div>
        <div class="v-menu track-list-search">
          <div class="v-input theme--light v-text-field v-text-field--single-line v-text-field--solo v-text-field--solo-inverted v-text-field--solo-flat v-text-field--enclosed">
            <div class="v-input__control">
              <div class="v-input__slot">
                <div class="v-input__prepend-inner">
                  <div class="v-input__icon v-input__icon--prepend-inner"><i aria-hidden="true" class="v-icon notranslate material-icons theme--light">search</i></div>
                </div>
                <div class="v-text-field__slot"><label for="input-28" class="v-label theme--light" style="left: 0px; position: absolute;">Search</label><input id="input-28" type="text"></div>
                <div class="v-input__append-inner">
                  <div class="v-input__icon v-input__icon--"><i role="button" tabindex="0" class="v-icon notranslate v-icon--link material-icons theme--light"></i></div>
                </div>
              </div>
              <div class="v-text-field__details">
                <div class="v-messages theme--light"><span name="message-transition" tag="div" class="v-messages__wrapper"></span></div>
              </div>
            </div>
          </div>
          <div role="menu" class="v-menu__content theme--light " style="max-height: auto; min-width: 290px; max-width: 290px; top: 12px; left: 0px; transform-origin: top left; z-index: 0; display: none;"></div>
        </div>
        <div><span name="slide-y-transition"><div tabindex="0" transition="slide-y-transition" role="listitem" aria-selected="false" class="v-list-item v-list-item--link theme--light track-list-item"><div class="v-list-item__icon"><div role="progressbar" aria-valuemin="0" aria-valuemax="100" class="v-progress-circular v-progress-circular--indeterminate" style="height: 24px; width: 24px;"><svg xmlns="http://www.w3.org/2000/svg" viewBox="24 24 48 48" style="transform: rotate(0deg);"><circle fill="transparent" cx="48" cy="48" r="20" stroke-width="8" stroke-dasharray="125.664" stroke-dashoffset="125.66370614359172px" class="v-progress-circular__overlay"></circle></svg><div class="v-progress-circular__info"></div></div></div> <div class="v-list-item__content"><div class="v-list-item__title">Band 0 - Song 0</div></div></div><div tabindex="0" transition="slide-y-transition" role="listitem" aria-selected="false" class="v-list-item v-list-item--link theme--light track-list-item"><div class="v-list-item__icon"><i role="button" tabindex="0" class="v-icon notranslate v-icon--link mdi mdi-check-circle theme--light"></i></div> <div class="v-list-item__content"><div class="v-list-item__title">Band 1 - Song 1</div></div></div><div tabindex="0" transition="slide-y-transition" role="listitem" aria-selected="false" class="v-list-item v-list-item--link theme--light track-list-item"><div class="v-list-item__icon"><i role="button" tabindex="0" class="v-icon notranslate v-icon--link mdi mdi-cloud-download theme--light"></i></div> <div class="v-list-item__content"><div class="v-list-item__title">Band 2 - Song 2</div></div></div></span></div>
      </div>
    </div>
    <footer class="player-wrap__footer">
      <div class="v-card__actions">
        <div class="spacer"></div> <button type="button" class="v-btn v-btn--contained v-btn--fab v-btn--round theme--dark v-size--small primary"><span class="v-btn__content"><i aria-hidden="true" class="v-icon notranslate mdi mdi-plus theme--dark"></i></span></button>
      </div>
      <div class="player"><button title="Stop" type="button" class="control"><img src="" alt="stop icon" width="20" height="20">
          <!----> </button> <button title="Play/Pause" type="button" class="control"><img src="" alt="pause icon" width="20" height="20"> <img src="" alt="play icon" width="20" height="20" style="display: none;"> </button>
        <div class="time-line">
          <div title="Time played : Total time" class="time-line__progress">
            <div class="time-line__line"></div>
          </div>
          <div class="time-line__timers">
            <div class="time-line__current">00:00</div>
            <div class="time-line__total">00:00</div>
          </div>
        </div> <button title="Download" type="button" class="control"><img src="" alt="download icon" width="20" height="20">
          <!----> </button> <button title="Loop/Once" type="button" class="control"><img src="" alt="once icon" width="20" height="20"> <img src="" alt="loop icon" width="20" height="20" style="display: none;"> </button> <button title="Mute" type="button" class="control"><img src="" alt="sound icon" width="20" height="20"> <img src="" alt="mute icon" width="20" height="20" style="display: none;"> </button> <button title="Volume" type="button" class="control"><img src="" alt="volume icon" width="20" height="20">
          <!----> <input type="range" min="0" step="0.01" max="1" style="display: none;"></button>
      </div>
    </footer>
  </div>
  <aside class="drawer v-navigation-drawer v-navigation-drawer--close v-navigation-drawer--fixed v-navigation-drawer--is-mobile v-navigation-drawer--right v-navigation-drawer--temporary theme--light" style="height: 100%; top: 0px; transform: translateX(100%); width: 256px;">
    <div class="v-navigation-drawer__content">
      <div tabindex="-1" class="v-list-item theme--light">
        <div class="v-list-item__content">
          <div class="v-list-item__title title"><button type="button" class="v-btn v-btn--flat v-btn--icon v-btn--round theme--light v-size--small primary--text"><span class="v-btn__content"><i aria-hidden="true" class="v-icon notranslate mdi mdi-close-circle-outline theme--light"></i></span></button>
            Upload music
          </div>
        </div>
      </div>
      <hr role="separator" aria-orientation="horizontal" class="v-divider theme--light">
      <div class="container">
        <div class="row align-center justify-center">
          <div class="col col-12">
            <div class="upload-form v-card v-sheet theme--light">
              <form novalidate="novalidate" class="v-form">
                <div class="v-card__text">
                  <div class="v-input theme--light v-text-field v-text-field--placeholder v-file-input">
                    <div class="v-input__prepend-outer">
                      <div class="v-input__icon v-input__icon--prepend"><i role="button" tabindex="0" class="v-icon notranslate v-icon--link mdi mdi-file-music theme--light"></i></div>
                    </div>
                    <div class="v-input__control">
                      <div class="v-input__slot">
                        <div class="v-text-field__slot"><label for="input-65" class="v-label v-label--active theme--light" style="left: 0px; position: absolute;">Music file</label>
                          <div class="v-file-input__text v-file-input__text--placeholder">Select mp3 file</div><input accept="audio/mp3, audio/mpeg" id="input-65" placeholder="Select mp3 file" type="file">
                        </div>
                        <div class="v-input__append-inner">
                          <div class="v-input__icon v-input__icon--"><i role="button" tabindex="0" class="v-icon notranslate v-icon--link material-icons theme--light"></i></div>
                        </div>
                      </div>
                      <div class="v-text-field__details">
                        <div class="v-messages theme--light"><span name="message-transition" tag="div" class="v-messages__wrapper"></span></div>
                      </div>
                    </div>
                  </div>
                </div>
                <div class="v-card__text" style="display: none;">
                  <div role="alert" class="v-alert v-sheet theme--dark v-alert--dense error">
                    <div class="v-alert__wrapper"><i aria-hidden="true" class="v-icon notranslate v-alert__icon mdi mdi-alert theme--dark"></i>
                      <div class="v-alert__content">

                      </div>
                    </div>
                  </div>
                </div>
                <div class="v-card__actions">
                  <div class="spacer"></div> <button type="submit" class="v-btn v-btn--contained theme--light v-size--default primary"><span class="v-btn__content">
        Save
      </span></button>
                </div>
              </form>
            </div>
          </div>
        </div>
      </div>
    </div>
    <div class="v-navigation-drawer__border"></div>
  </aside>
</div>
`;
