// Jest Snapshot v1, https://goo.gl/fbAQLP

exports[`Component TrackListSearch snapshots date search with opened date picker should match snapshot 1`] = `
<div class="v-menu track-list-search">
  <div class="v-input v-input--is-readonly theme--light v-text-field v-text-field--single-line v-text-field--solo v-text-field--solo-inverted v-text-field--solo-flat v-text-field--enclosed">
    <div class="v-input__control">
      <div class="v-input__slot">
        <div class="v-input__prepend-inner">
          <div class="v-input__icon v-input__icon--prepend-inner"><i aria-hidden="true" class="v-icon notranslate material-icons theme--light">search</i></div>
        </div>
        <div class="v-text-field__slot"><label for="input-15" class="v-label theme--light" style="left: 0px; position: absolute;">Search</label><input id="input-15" type="text" readonly="readonly"></div>
        <div class="v-input__append-inner">
          <div class="v-input__icon v-input__icon--"><i role="button" tabindex="0" class="v-icon notranslate v-icon--link material-icons theme--light"></i></div>
        </div>
      </div>
      <div class="v-text-field__details">
        <div class="v-messages theme--light"><span name="message-transition" tag="div" class="v-messages__wrapper"></span></div>
      </div>
    </div>
  </div>
  <div role="menu" class="v-menu__content theme--light menuable__content__active " style="max-height: auto; min-width: 290px; max-width: 290px; top: 12px; left: 0px; transform-origin: top left; z-index: 8; display: none; z-index: 8;">
    <div class="v-picker v-card v-picker--date theme--light">
      <div class="v-picker__body v-picker__body--no-title theme--light" style="width: 290px;">
        <div>
          <div class="v-date-picker-header theme--light"><button type="button" class="v-btn v-btn--flat v-btn--icon v-btn--round theme--light v-size--default"><span class="v-btn__content"><i aria-hidden="true" class="v-icon notranslate mdi mdi-chevron-left theme--light"></i></span></button>
            <div class="v-date-picker-header__value">
              <div class="accent--text"><button type="button">May 2020</button></div>
            </div><button type="button" disabled="disabled" class="v-btn v-btn--disabled v-btn--flat v-btn--icon v-btn--round theme--light v-size--default"><span class="v-btn__content"><i aria-hidden="true" class="v-icon notranslate mdi mdi-chevron-right theme--light"></i></span></button>
          </div>
          <div class="v-date-picker-table v-date-picker-table--date theme--light">
            <table>
              <thead>
                <tr>
                  <th>S</th>
                  <th>M</th>
                  <th>T</th>
                  <th>W</th>
                  <th>T</th>
                  <th>F</th>
                  <th>S</th>
                </tr>
              </thead>
              <tbody>
                <tr>
                  <td></td>
                  <td></td>
                  <td></td>
                  <td></td>
                  <td></td>
                  <td><button type="button" class="v-btn v-btn--text v-btn--rounded theme--light">
                      <div class="v-btn__content">1</div>
                    </button></td>
                  <td><button type="button" class="v-btn v-btn--text v-btn--rounded theme--light">
                      <div class="v-btn__content">2</div>
                    </button></td>
                </tr>
                <tr>
                  <td><button type="button" class="v-btn v-btn--text v-btn--rounded theme--light">
                      <div class="v-btn__content">3</div>
                    </button></td>
                  <td><button type="button" class="v-btn v-btn--text v-btn--rounded theme--light">
                      <div class="v-btn__content">4</div>
                    </button></td>
                  <td><button type="button" class="v-btn v-btn--text v-btn--rounded theme--light">
                      <div class="v-btn__content">5</div>
                    </button></td>
                  <td><button type="button" class="v-btn v-btn--flat v-btn--text v-btn--rounded v-btn--disabled theme--light" disabled="">
                      <div class="v-btn__content">6</div>
                    </button></td>
                  <td><button type="button" class="v-btn v-btn--flat v-btn--text v-btn--rounded v-btn--disabled theme--light" disabled="">
                      <div class="v-btn__content">7</div>
                    </button></td>
                  <td><button type="button" class="v-btn v-btn--flat v-btn--text v-btn--rounded v-btn--disabled theme--light" disabled="">
                      <div class="v-btn__content">8</div>
                    </button></td>
                  <td><button type="button" class="v-btn v-btn--flat v-btn--text v-btn--rounded v-btn--disabled theme--light" disabled="">
                      <div class="v-btn__content">9</div>
                    </button></td>
                </tr>
                <tr>
                  <td><button type="button" class="v-btn v-btn--flat v-btn--text v-btn--rounded v-btn--disabled theme--light" disabled="">
                      <div class="v-btn__content">10</div>
                    </button></td>
                  <td><button type="button" class="v-btn v-btn--flat v-btn--text v-btn--rounded v-btn--disabled theme--light" disabled="">
                      <div class="v-btn__content">11</div>
                    </button></td>
                  <td><button type="button" class="v-btn v-btn--flat v-btn--text v-btn--rounded v-btn--disabled theme--light" disabled="">
                      <div class="v-btn__content">12</div>
                    </button></td>
                  <td><button type="button" class="v-btn v-btn--flat v-btn--text v-btn--rounded v-btn--disabled theme--light" disabled="">
                      <div class="v-btn__content">13</div>
                    </button></td>
                  <td><button type="button" class="v-btn v-btn--flat v-btn--text v-btn--rounded v-btn--disabled theme--light" disabled="">
                      <div class="v-btn__content">14</div>
                    </button></td>
                  <td><button type="button" class="v-btn v-btn--flat v-btn--text v-btn--rounded v-btn--disabled theme--light" disabled="">
                      <div class="v-btn__content">15</div>
                    </button></td>
                  <td><button type="button" class="v-btn v-btn--flat v-btn--text v-btn--rounded v-btn--disabled theme--light" disabled="">
                      <div class="v-btn__content">16</div>
                    </button></td>
                </tr>
                <tr>
                  <td><button type="button" class="v-btn v-btn--flat v-btn--text v-btn--rounded v-btn--disabled theme--light" disabled="">
                      <div class="v-btn__content">17</div>
                    </button></td>
                  <td><button type="button" class="v-btn v-btn--flat v-btn--text v-btn--rounded v-btn--disabled theme--light" disabled="">
                      <div class="v-btn__content">18</div>
                    </button></td>
                  <td><button type="button" class="v-btn v-btn--flat v-btn--text v-btn--rounded v-btn--disabled theme--light" disabled="">
                      <div class="v-btn__content">19</div>
                    </button></td>
                  <td><button type="button" class="v-btn v-btn--flat v-btn--text v-btn--rounded v-btn--disabled theme--light" disabled="">
                      <div class="v-btn__content">20</div>
                    </button></td>
                  <td><button type="button" class="v-btn v-btn--flat v-btn--text v-btn--rounded v-btn--disabled theme--light" disabled="">
                      <div class="v-btn__content">21</div>
                    </button></td>
                  <td><button type="button" class="v-btn v-btn--flat v-btn--text v-btn--rounded v-btn--disabled theme--light" disabled="">
                      <div class="v-btn__content">22</div>
                    </button></td>
                  <td><button type="button" class="v-btn v-btn--flat v-btn--text v-btn--rounded v-btn--disabled theme--light" disabled="">
                      <div class="v-btn__content">23</div>
                    </button></td>
                </tr>
                <tr>
                  <td><button type="button" class="v-btn v-btn--flat v-btn--text v-btn--rounded v-btn--disabled theme--light" disabled="">
                      <div class="v-btn__content">24</div>
                    </button></td>
                  <td><button type="button" class="v-btn v-btn--flat v-btn--text v-btn--rounded v-btn--disabled theme--light" disabled="">
                      <div class="v-btn__content">25</div>
                    </button></td>
                  <td><button type="button" class="v-btn v-btn--flat v-btn--text v-btn--rounded v-btn--disabled theme--light" disabled="">
                      <div class="v-btn__content">26</div>
                    </button></td>
                  <td><button type="button" class="v-btn v-btn--flat v-btn--text v-btn--rounded v-btn--disabled theme--light" disabled="">
                      <div class="v-btn__content">27</div>
                    </button></td>
                  <td><button type="button" class="v-btn v-btn--flat v-btn--text v-btn--rounded v-btn--disabled theme--light" disabled="">
                      <div class="v-btn__content">28</div>
                    </button></td>
                  <td><button type="button" class="v-btn v-btn--flat v-btn--text v-btn--rounded v-btn--disabled theme--light" disabled="">
                      <div class="v-btn__content">29</div>
                    </button></td>
                  <td><button type="button" class="v-btn v-btn--flat v-btn--text v-btn--rounded v-btn--disabled theme--light" disabled="">
                      <div class="v-btn__content">30</div>
                    </button></td>
                </tr>
                <tr>
                  <td><button type="button" class="v-btn v-btn--flat v-btn--text v-btn--rounded v-btn--disabled theme--light" disabled="">
                      <div class="v-btn__content">31</div>
                    </button></td>
                </tr>
              </tbody>
            </table>
          </div>
        </div>
      </div>
      <div class="v-picker__actions v-card__actions v-picker__actions--no-title">
        <div class="spacer"></div> <button type="button" class="v-btn v-btn--flat v-btn--text theme--light v-size--default primary--text"><span class="v-btn__content">
      Cancel
    </span></button> <button type="button" class="v-btn v-btn--flat v-btn--text theme--light v-size--default primary--text"><span class="v-btn__content">
      OK
    </span></button>
      </div>
    </div>
  </div>
</div>
`;

exports[`Component TrackListSearch snapshots text search should match snapshot 1`] = `
<div class="v-menu track-list-search">
  <div class="v-input theme--light v-text-field v-text-field--single-line v-text-field--solo v-text-field--solo-inverted v-text-field--solo-flat v-text-field--enclosed">
    <div class="v-input__control">
      <div class="v-input__slot">
        <div class="v-input__prepend-inner">
          <div class="v-input__icon v-input__icon--prepend-inner"><i aria-hidden="true" class="v-icon notranslate material-icons theme--light">search</i></div>
        </div>
        <div class="v-text-field__slot"><label for="input-4" class="v-label theme--light" style="left: 0px; position: absolute;">Search</label><input id="input-4" type="text"></div>
        <div class="v-input__append-inner">
          <div class="v-input__icon v-input__icon--"><i role="button" tabindex="0" class="v-icon notranslate v-icon--link material-icons theme--light"></i></div>
        </div>
      </div>
      <div class="v-text-field__details">
        <div class="v-messages theme--light"><span name="message-transition" tag="div" class="v-messages__wrapper"></span></div>
      </div>
    </div>
  </div>
  <div role="menu" class="v-menu__content theme--light " style="max-height: auto; min-width: 290px; max-width: 290px; top: 12px; left: 0px; transform-origin: top left; z-index: 0; display: none;"></div>
</div>
`;
